// Jest Snapshot v1, https://goo.gl/fbAQLP

exports[`Number Generator it renders correctly 1`] = `
<div
  class="navbar__container"
>
  <h2
    class="navbar__header-text"
  >
    <span
      class="navbar__header-text--big"
    >
      P
    </span>
    <span>
      hone 
    </span>
    <span
      class="navbar__header-text--big"
    >
      N
    </span>
    <span>
      umber 
    </span>
    <span
      class="navbar__header-text--big"
    >
      G
    </span>
    <span>
      enerator
    </span>
  </h2>
  <button
    class="numbers__button"
    data-testid="generate-button"
    disabled=""
    type="submit"
  >
    <span
      class="generate-text"
    >
      Generate
    </span>
  </button>
</div>
`;
